// Jest Snapshot v1, https://goo.gl/fbAQLP

exports[`App renders correctly 1`] = `
<DocumentFragment>
  <div
    class="App"
  >
    <div
      class="nav-bar"
    >
      <img
        alt="swapzRus icon"
        class="logo"
        src="logo.png"
      />
      <ul
        class="navbar-links"
      >
        <li
          class="navbar-links-item"
        >
          <a
            href="/about-us"
          >
            About Us
          </a>
        </li>
        <li
          class="navbar-links-item"
        >
          <a
            href="/toys"
          >
            Toys
          </a>
        </li>
        <li
          class="navbar-links-item"
        >
          <a
            href="/add-toys"
          >
            Add Toys
          </a>
        </li>
      </ul>
    </div>
    <div>
      About Us
    </div>
  </div>
</DocumentFragment>
`;
