// Jest Snapshot v1, https://goo.gl/fbAQLP

exports[`NavBar renders correctly 1`] = `
<DocumentFragment>
  <div
    class="navbar"
  >
    <img
      alt="swapzRus icon"
      class="logo"
      src="logo2.png"
    />
    <ul
      class="navbar-links"
    >
      <li
        class="navbar-links-item"
      >
        <a
         
          href="/about-us"
        >
          About Us
        </a>
      </li>
      <li
        class="navbar-links-item"
      >
        <a
          
          href="/toys"
        >
          Browse Toys
        </a>
      </li>
      <li
        class="navbar-links-item"
      >
        <a
          
          href="/add-toys"
        >
          Add Toys
        </a>
      </li>
      <li
        class="navbar-links-item"
      >
        <a
          class=""
          href="/login"
        >
          Login
        </a>
      </li>
      <li
        class="navbar-links-item"
      >
        <a
          class=""
          href="/register"
        >
          Register
        </a>
      </li>
    </ul>
    <ul>
      <li
        class="navbar-profile-icon"
      >
        <a
          href="/profile"
        >
          Account   
          <svg
            aria-hidden="true"
            class="svg-inline--fa fa-user "
            data-icon="user"
            data-prefix="fas"
            focusable="false"
            role="img"
            viewBox="0 0 448 512"
            xmlns="http://www.w3.org/2000/svg"
          >
            <path
              d="M224 256A128 128 0 1 0 224 0a128 128 0 1 0 0 256zm-45.7 48C79.8 304 0 383.8 0 482.3C0 498.7 13.3 512 29.7 512H418.3c16.4 0 29.7-13.3 29.7-29.7C448 383.8 368.2 304 269.7 304H178.3z"
              fill="currentColor"
            />
          </svg>
        </a>
      </li>
    </ul>
  </div>
</DocumentFragment>
`;
