// Jest Snapshot v1, https://goo.gl/fbAQLP

exports[`NavBar renders correctly 1`] = `
<DocumentFragment>
  <div
    class="nav-bar"
  >
    <img
      alt="swapzRus icon"
      class="logo"
      src="https://commandshifthq.slack.com/files/U05KS145GQ4/F06RDUQTVRA/screenshot_2024-03-26_at_09.08.41.png"
    />
    <ul
      class="navbar-links"
    >
      <li
        class="navbar-links-item"
      >
        <a
          href="/"
        >
          Account
        </a>
      </li>
      <li
        class="navbar-links-item"
      >
        <a
          href="/"
        >
          About Us
        </a>
      </li>
      <li
        class="navbar-links-item"
      >
        <a
          href="/"
        >
          Toys
        </a>
      </li>
      <li
        class="navbar-links-item"
      >
        <a
          href="/"
        >
          Add Toys
        </a>
      </li>
    </ul>
  </div>
</DocumentFragment>
`;
