// Jest Snapshot v1, https://goo.gl/fbAQLP

exports[`SideBar renders correctly 1`] = `
<DocumentFragment>
  <div>
    <h3
      class="sidebar-heading"
    >
      Filter by type
    </h3>
    <ul
      class="sidebar-links"
    >
      <li>
        <button
          class="sidebar-links-item"
          type="button"
        >
          Books
        </button>
      </li>
      <li>
        <button
          class="sidebar-links-item"
          type="button"
        >
          Pre-school
        </button>
      </li>
      <li>
        <button
          class="sidebar-links-item"
          type="button"
        >
          Indoor
        </button>
      </li>
      <li>
        <button
          class="sidebar-links-item "
          type="button"
        >
          Outdoor
        </button>
      </li>
      <li>
        <button
          class="clear sidebar-links-item"
          type="button"
        >
          Clear Filter
        </button>
      </li>
    </ul>
  </div>
  <div>
    <h3
      class="sidebar-heading"
    >
      Filter by Condition
    </h3>
    <ul
      class="sidebar-links"
    >
      <li>
        <button
          class="sidebar-links-item"
          type="button"
        >
          Brand New
        </button>
      </li>
      <li>
        <button
          class="sidebar-links-item"
          type="button"
        >
          Like New
        </button>
      </li>
      <li>
        <button
          class="sidebar-links-item"
          type="button"
        >
          Good
        </button>
      </li>
      <li>
        <button
          class="sidebar-links-item"
          type="button"
        >
          Fair
        </button>
      </li>
      <li>
        <button
          class="sidebar-links-item"
          type="button"
        >
          Defected
        </button>
      </li>
      <li>
        <button
          class="clear sidebar-links-item"
          type="button"
        >
          Clear Filter
        </button>
      </li>
    </ul>
  </div>
  <div>
    <h3
      class="sidebar-heading"
    >
      Filter by Age Range
    </h3>
    <ul
      class="sidebar-links"
    >
      <li>
        <button
          class="sidebar-links-item"
          type="button"
        >
          0-3
        </button>
      </li>
      <li>
        <button
          class="sidebar-links-item"
          type="button"
        >
          3-6
        </button>
      </li>
      <li>
        <button
          class="sidebar-links-item"
          type="button"
        >
          6-9
        </button>
      </li>
      <li>
        <button
          class="sidebar-links-item"
          type="button"
        >
          9-12
        </button>
      </li>
      <li>
        <button
          class="sidebar-links-item"
          type="button"
        >
          12+
        </button>
      </li>
      <li>
        <button
          class=" clear sidebar-links-item"
          type="button"
        >
          Clear Filter
        </button>
      </li>
    </ul>
  </div>
</DocumentFragment>
`;
